---
source: src/tests.rs
expression: dense_dense
---
DenseTensor(
  data: [
    3492249,
    -5533753,
    4550892,
    -1390702,
    -1736407,
    3004855,
    -2379595,
    5599289,
    -1261355,
    360835,
    3064443,
    -4462405,
    -4311838,
    614853,
    -1945580,
    -3871048,
  ],
  structure: VecStructure(
    structure: [
      Slot(
        index: AbstractIndex(5),
        representation: Lorentz(Dimension(4)),
      ),
      Slot(
        index: AbstractIndex(4),
        representation: Lorentz(Dimension(4)),
      ),
    ],
  ),
)
