---
source: src/iterators.rs
expression: collecteda
---
[
  FlatIndex(
    index: 0,
  ),
  FlatIndex(
    index: 1,
  ),
  FlatIndex(
    index: 2,
  ),
  FlatIndex(
    index: 3,
  ),
  FlatIndex(
    index: 4,
  ),
  FlatIndex(
    index: 5,
  ),
  FlatIndex(
    index: 6,
  ),
  FlatIndex(
    index: 7,
  ),
  FlatIndex(
    index: 8,
  ),
  FlatIndex(
    index: 9,
  ),
  FlatIndex(
    index: 10,
  ),
  FlatIndex(
    index: 11,
  ),
  FlatIndex(
    index: 12,
  ),
  FlatIndex(
    index: 13,
  ),
  FlatIndex(
    index: 14,
  ),
  FlatIndex(
    index: 15,
  ),
  FlatIndex(
    index: 16,
  ),
  FlatIndex(
    index: 17,
  ),
  FlatIndex(
    index: 18,
  ),
  FlatIndex(
    index: 19,
  ),
  FlatIndex(
    index: 20,
  ),
  FlatIndex(
    index: 21,
  ),
  FlatIndex(
    index: 22,
  ),
  FlatIndex(
    index: 23,
  ),
  FlatIndex(
    index: 24,
  ),
  FlatIndex(
    index: 25,
  ),
  FlatIndex(
    index: 26,
  ),
  FlatIndex(
    index: 27,
  ),
  FlatIndex(
    index: 28,
  ),
  FlatIndex(
    index: 29,
  ),
  FlatIndex(
    index: 30,
  ),
  FlatIndex(
    index: 31,
  ),
  FlatIndex(
    index: 32,
  ),
  FlatIndex(
    index: 33,
  ),
  FlatIndex(
    index: 34,
  ),
  FlatIndex(
    index: 35,
  ),
  FlatIndex(
    index: 36,
  ),
  FlatIndex(
    index: 37,
  ),
  FlatIndex(
    index: 38,
  ),
  FlatIndex(
    index: 39,
  ),
  FlatIndex(
    index: 40,
  ),
  FlatIndex(
    index: 41,
  ),
  FlatIndex(
    index: 42,
  ),
  FlatIndex(
    index: 43,
  ),
  FlatIndex(
    index: 44,
  ),
  FlatIndex(
    index: 45,
  ),
  FlatIndex(
    index: 46,
  ),
  FlatIndex(
    index: 47,
  ),
  FlatIndex(
    index: 48,
  ),
  FlatIndex(
    index: 49,
  ),
  FlatIndex(
    index: 50,
  ),
  FlatIndex(
    index: 51,
  ),
  FlatIndex(
    index: 52,
  ),
  FlatIndex(
    index: 53,
  ),
  FlatIndex(
    index: 54,
  ),
  FlatIndex(
    index: 55,
  ),
  FlatIndex(
    index: 56,
  ),
  FlatIndex(
    index: 57,
  ),
  FlatIndex(
    index: 58,
  ),
  FlatIndex(
    index: 59,
  ),
  FlatIndex(
    index: 60,
  ),
  FlatIndex(
    index: 61,
  ),
  FlatIndex(
    index: 62,
  ),
  FlatIndex(
    index: 63,
  ),
  FlatIndex(
    index: 64,
  ),
  FlatIndex(
    index: 65,
  ),
  FlatIndex(
    index: 66,
  ),
  FlatIndex(
    index: 67,
  ),
  FlatIndex(
    index: 68,
  ),
  FlatIndex(
    index: 69,
  ),
  FlatIndex(
    index: 70,
  ),
  FlatIndex(
    index: 71,
  ),
  FlatIndex(
    index: 72,
  ),
  FlatIndex(
    index: 73,
  ),
  FlatIndex(
    index: 74,
  ),
  FlatIndex(
    index: 75,
  ),
  FlatIndex(
    index: 76,
  ),
  FlatIndex(
    index: 77,
  ),
  FlatIndex(
    index: 78,
  ),
  FlatIndex(
    index: 79,
  ),
  FlatIndex(
    index: 80,
  ),
  FlatIndex(
    index: 81,
  ),
  FlatIndex(
    index: 82,
  ),
  FlatIndex(
    index: 83,
  ),
  FlatIndex(
    index: 84,
  ),
  FlatIndex(
    index: 85,
  ),
  FlatIndex(
    index: 86,
  ),
  FlatIndex(
    index: 87,
  ),
  FlatIndex(
    index: 88,
  ),
  FlatIndex(
    index: 89,
  ),
  FlatIndex(
    index: 90,
  ),
  FlatIndex(
    index: 91,
  ),
  FlatIndex(
    index: 92,
  ),
  FlatIndex(
    index: 93,
  ),
  FlatIndex(
    index: 94,
  ),
  FlatIndex(
    index: 95,
  ),
  FlatIndex(
    index: 96,
  ),
  FlatIndex(
    index: 97,
  ),
  FlatIndex(
    index: 98,
  ),
  FlatIndex(
    index: 99,
  ),
  FlatIndex(
    index: 100,
  ),
  FlatIndex(
    index: 101,
  ),
  FlatIndex(
    index: 102,
  ),
  FlatIndex(
    index: 103,
  ),
  FlatIndex(
    index: 104,
  ),
  FlatIndex(
    index: 105,
  ),
  FlatIndex(
    index: 106,
  ),
  FlatIndex(
    index: 107,
  ),
  FlatIndex(
    index: 108,
  ),
  FlatIndex(
    index: 109,
  ),
  FlatIndex(
    index: 110,
  ),
  FlatIndex(
    index: 111,
  ),
  FlatIndex(
    index: 112,
  ),
  FlatIndex(
    index: 113,
  ),
  FlatIndex(
    index: 114,
  ),
  FlatIndex(
    index: 115,
  ),
  FlatIndex(
    index: 116,
  ),
  FlatIndex(
    index: 117,
  ),
  FlatIndex(
    index: 118,
  ),
  FlatIndex(
    index: 119,
  ),
  FlatIndex(
    index: 120,
  ),
  FlatIndex(
    index: 121,
  ),
  FlatIndex(
    index: 122,
  ),
  FlatIndex(
    index: 123,
  ),
  FlatIndex(
    index: 124,
  ),
  FlatIndex(
    index: 125,
  ),
  FlatIndex(
    index: 126,
  ),
  FlatIndex(
    index: 127,
  ),
  FlatIndex(
    index: 128,
  ),
  FlatIndex(
    index: 129,
  ),
  FlatIndex(
    index: 130,
  ),
  FlatIndex(
    index: 131,
  ),
  FlatIndex(
    index: 132,
  ),
  FlatIndex(
    index: 133,
  ),
  FlatIndex(
    index: 134,
  ),
  FlatIndex(
    index: 135,
  ),
  FlatIndex(
    index: 136,
  ),
  FlatIndex(
    index: 137,
  ),
  FlatIndex(
    index: 138,
  ),
  FlatIndex(
    index: 139,
  ),
  FlatIndex(
    index: 140,
  ),
  FlatIndex(
    index: 141,
  ),
  FlatIndex(
    index: 142,
  ),
  FlatIndex(
    index: 143,
  ),
  FlatIndex(
    index: 144,
  ),
  FlatIndex(
    index: 145,
  ),
  FlatIndex(
    index: 146,
  ),
  FlatIndex(
    index: 147,
  ),
  FlatIndex(
    index: 148,
  ),
  FlatIndex(
    index: 149,
  ),
  FlatIndex(
    index: 150,
  ),
  FlatIndex(
    index: 151,
  ),
  FlatIndex(
    index: 152,
  ),
  FlatIndex(
    index: 153,
  ),
  FlatIndex(
    index: 154,
  ),
  FlatIndex(
    index: 155,
  ),
  FlatIndex(
    index: 156,
  ),
  FlatIndex(
    index: 157,
  ),
  FlatIndex(
    index: 158,
  ),
  FlatIndex(
    index: 159,
  ),
  FlatIndex(
    index: 160,
  ),
  FlatIndex(
    index: 161,
  ),
  FlatIndex(
    index: 162,
  ),
  FlatIndex(
    index: 163,
  ),
  FlatIndex(
    index: 164,
  ),
  FlatIndex(
    index: 165,
  ),
  FlatIndex(
    index: 166,
  ),
  FlatIndex(
    index: 167,
  ),
  FlatIndex(
    index: 168,
  ),
  FlatIndex(
    index: 169,
  ),
  FlatIndex(
    index: 170,
  ),
  FlatIndex(
    index: 171,
  ),
  FlatIndex(
    index: 172,
  ),
  FlatIndex(
    index: 173,
  ),
  FlatIndex(
    index: 174,
  ),
  FlatIndex(
    index: 175,
  ),
  FlatIndex(
    index: 176,
  ),
  FlatIndex(
    index: 177,
  ),
  FlatIndex(
    index: 178,
  ),
  FlatIndex(
    index: 179,
  ),
  FlatIndex(
    index: 180,
  ),
  FlatIndex(
    index: 181,
  ),
  FlatIndex(
    index: 182,
  ),
  FlatIndex(
    index: 183,
  ),
  FlatIndex(
    index: 184,
  ),
  FlatIndex(
    index: 185,
  ),
  FlatIndex(
    index: 186,
  ),
  FlatIndex(
    index: 187,
  ),
  FlatIndex(
    index: 188,
  ),
  FlatIndex(
    index: 189,
  ),
  FlatIndex(
    index: 190,
  ),
  FlatIndex(
    index: 191,
  ),
  FlatIndex(
    index: 192,
  ),
  FlatIndex(
    index: 193,
  ),
  FlatIndex(
    index: 194,
  ),
  FlatIndex(
    index: 195,
  ),
  FlatIndex(
    index: 196,
  ),
  FlatIndex(
    index: 197,
  ),
  FlatIndex(
    index: 198,
  ),
  FlatIndex(
    index: 199,
  ),
  FlatIndex(
    index: 200,
  ),
  FlatIndex(
    index: 201,
  ),
  FlatIndex(
    index: 202,
  ),
  FlatIndex(
    index: 203,
  ),
  FlatIndex(
    index: 204,
  ),
  FlatIndex(
    index: 205,
  ),
  FlatIndex(
    index: 206,
  ),
  FlatIndex(
    index: 207,
  ),
  FlatIndex(
    index: 208,
  ),
  FlatIndex(
    index: 209,
  ),
  FlatIndex(
    index: 210,
  ),
  FlatIndex(
    index: 211,
  ),
  FlatIndex(
    index: 212,
  ),
  FlatIndex(
    index: 213,
  ),
  FlatIndex(
    index: 214,
  ),
  FlatIndex(
    index: 215,
  ),
  FlatIndex(
    index: 216,
  ),
  FlatIndex(
    index: 217,
  ),
  FlatIndex(
    index: 218,
  ),
  FlatIndex(
    index: 219,
  ),
  FlatIndex(
    index: 220,
  ),
  FlatIndex(
    index: 221,
  ),
  FlatIndex(
    index: 222,
  ),
  FlatIndex(
    index: 223,
  ),
  FlatIndex(
    index: 224,
  ),
  FlatIndex(
    index: 225,
  ),
  FlatIndex(
    index: 226,
  ),
  FlatIndex(
    index: 227,
  ),
  FlatIndex(
    index: 228,
  ),
  FlatIndex(
    index: 229,
  ),
  FlatIndex(
    index: 230,
  ),
  FlatIndex(
    index: 231,
  ),
  FlatIndex(
    index: 232,
  ),
  FlatIndex(
    index: 233,
  ),
  FlatIndex(
    index: 234,
  ),
  FlatIndex(
    index: 235,
  ),
  FlatIndex(
    index: 236,
  ),
  FlatIndex(
    index: 237,
  ),
  FlatIndex(
    index: 238,
  ),
  FlatIndex(
    index: 239,
  ),
  FlatIndex(
    index: 240,
  ),
  FlatIndex(
    index: 241,
  ),
  FlatIndex(
    index: 242,
  ),
  FlatIndex(
    index: 243,
  ),
  FlatIndex(
    index: 244,
  ),
  FlatIndex(
    index: 245,
  ),
  FlatIndex(
    index: 246,
  ),
  FlatIndex(
    index: 247,
  ),
  FlatIndex(
    index: 248,
  ),
  FlatIndex(
    index: 249,
  ),
  FlatIndex(
    index: 250,
  ),
  FlatIndex(
    index: 251,
  ),
  FlatIndex(
    index: 252,
  ),
  FlatIndex(
    index: 253,
  ),
  FlatIndex(
    index: 254,
  ),
  FlatIndex(
    index: 255,
  ),
  FlatIndex(
    index: 256,
  ),
  FlatIndex(
    index: 257,
  ),
  FlatIndex(
    index: 258,
  ),
  FlatIndex(
    index: 259,
  ),
  FlatIndex(
    index: 260,
  ),
  FlatIndex(
    index: 261,
  ),
  FlatIndex(
    index: 262,
  ),
  FlatIndex(
    index: 263,
  ),
  FlatIndex(
    index: 264,
  ),
  FlatIndex(
    index: 265,
  ),
  FlatIndex(
    index: 266,
  ),
  FlatIndex(
    index: 267,
  ),
  FlatIndex(
    index: 268,
  ),
  FlatIndex(
    index: 269,
  ),
  FlatIndex(
    index: 270,
  ),
  FlatIndex(
    index: 271,
  ),
  FlatIndex(
    index: 272,
  ),
  FlatIndex(
    index: 273,
  ),
  FlatIndex(
    index: 274,
  ),
  FlatIndex(
    index: 275,
  ),
  FlatIndex(
    index: 276,
  ),
  FlatIndex(
    index: 277,
  ),
  FlatIndex(
    index: 278,
  ),
  FlatIndex(
    index: 279,
  ),
  FlatIndex(
    index: 1120,
  ),
  FlatIndex(
    index: 1121,
  ),
  FlatIndex(
    index: 1122,
  ),
  FlatIndex(
    index: 1123,
  ),
  FlatIndex(
    index: 1124,
  ),
  FlatIndex(
    index: 1125,
  ),
  FlatIndex(
    index: 1126,
  ),
  FlatIndex(
    index: 1127,
  ),
  FlatIndex(
    index: 1128,
  ),
  FlatIndex(
    index: 1129,
  ),
  FlatIndex(
    index: 1130,
  ),
  FlatIndex(
    index: 1131,
  ),
  FlatIndex(
    index: 1132,
  ),
  FlatIndex(
    index: 1133,
  ),
  FlatIndex(
    index: 1134,
  ),
  FlatIndex(
    index: 1135,
  ),
  FlatIndex(
    index: 1136,
  ),
  FlatIndex(
    index: 1137,
  ),
  FlatIndex(
    index: 1138,
  ),
  FlatIndex(
    index: 1139,
  ),
  FlatIndex(
    index: 1140,
  ),
  FlatIndex(
    index: 1141,
  ),
  FlatIndex(
    index: 1142,
  ),
  FlatIndex(
    index: 1143,
  ),
  FlatIndex(
    index: 1144,
  ),
  FlatIndex(
    index: 1145,
  ),
  FlatIndex(
    index: 1146,
  ),
  FlatIndex(
    index: 1147,
  ),
  FlatIndex(
    index: 1148,
  ),
  FlatIndex(
    index: 1149,
  ),
  FlatIndex(
    index: 1150,
  ),
  FlatIndex(
    index: 1151,
  ),
  FlatIndex(
    index: 1152,
  ),
  FlatIndex(
    index: 1153,
  ),
  FlatIndex(
    index: 1154,
  ),
  FlatIndex(
    index: 1155,
  ),
  FlatIndex(
    index: 1156,
  ),
  FlatIndex(
    index: 1157,
  ),
  FlatIndex(
    index: 1158,
  ),
  FlatIndex(
    index: 1159,
  ),
  FlatIndex(
    index: 1160,
  ),
  FlatIndex(
    index: 1161,
  ),
  FlatIndex(
    index: 1162,
  ),
  FlatIndex(
    index: 1163,
  ),
  FlatIndex(
    index: 1164,
  ),
  FlatIndex(
    index: 1165,
  ),
  FlatIndex(
    index: 1166,
  ),
  FlatIndex(
    index: 1167,
  ),
  FlatIndex(
    index: 1168,
  ),
  FlatIndex(
    index: 1169,
  ),
  FlatIndex(
    index: 1170,
  ),
  FlatIndex(
    index: 1171,
  ),
  FlatIndex(
    index: 1172,
  ),
  FlatIndex(
    index: 1173,
  ),
  FlatIndex(
    index: 1174,
  ),
  FlatIndex(
    index: 1175,
  ),
  FlatIndex(
    index: 1176,
  ),
  FlatIndex(
    index: 1177,
  ),
  FlatIndex(
    index: 1178,
  ),
  FlatIndex(
    index: 1179,
  ),
  FlatIndex(
    index: 1180,
  ),
  FlatIndex(
    index: 1181,
  ),
  FlatIndex(
    index: 1182,
  ),
  FlatIndex(
    index: 1183,
  ),
  FlatIndex(
    index: 1184,
  ),
  FlatIndex(
    index: 1185,
  ),
  FlatIndex(
    index: 1186,
  ),
  FlatIndex(
    index: 1187,
  ),
  FlatIndex(
    index: 1188,
  ),
  FlatIndex(
    index: 1189,
  ),
  FlatIndex(
    index: 1190,
  ),
  FlatIndex(
    index: 1191,
  ),
  FlatIndex(
    index: 1192,
  ),
  FlatIndex(
    index: 1193,
  ),
  FlatIndex(
    index: 1194,
  ),
  FlatIndex(
    index: 1195,
  ),
  FlatIndex(
    index: 1196,
  ),
  FlatIndex(
    index: 1197,
  ),
  FlatIndex(
    index: 1198,
  ),
  FlatIndex(
    index: 1199,
  ),
  FlatIndex(
    index: 1200,
  ),
  FlatIndex(
    index: 1201,
  ),
  FlatIndex(
    index: 1202,
  ),
  FlatIndex(
    index: 1203,
  ),
  FlatIndex(
    index: 1204,
  ),
  FlatIndex(
    index: 1205,
  ),
  FlatIndex(
    index: 1206,
  ),
  FlatIndex(
    index: 1207,
  ),
  FlatIndex(
    index: 1208,
  ),
  FlatIndex(
    index: 1209,
  ),
  FlatIndex(
    index: 1210,
  ),
  FlatIndex(
    index: 1211,
  ),
  FlatIndex(
    index: 1212,
  ),
  FlatIndex(
    index: 1213,
  ),
  FlatIndex(
    index: 1214,
  ),
  FlatIndex(
    index: 1215,
  ),
  FlatIndex(
    index: 1216,
  ),
  FlatIndex(
    index: 1217,
  ),
  FlatIndex(
    index: 1218,
  ),
  FlatIndex(
    index: 1219,
  ),
  FlatIndex(
    index: 1220,
  ),
  FlatIndex(
    index: 1221,
  ),
  FlatIndex(
    index: 1222,
  ),
  FlatIndex(
    index: 1223,
  ),
  FlatIndex(
    index: 1224,
  ),
  FlatIndex(
    index: 1225,
  ),
  FlatIndex(
    index: 1226,
  ),
  FlatIndex(
    index: 1227,
  ),
  FlatIndex(
    index: 1228,
  ),
  FlatIndex(
    index: 1229,
  ),
  FlatIndex(
    index: 1230,
  ),
  FlatIndex(
    index: 1231,
  ),
  FlatIndex(
    index: 1232,
  ),
  FlatIndex(
    index: 1233,
  ),
  FlatIndex(
    index: 1234,
  ),
  FlatIndex(
    index: 1235,
  ),
  FlatIndex(
    index: 1236,
  ),
  FlatIndex(
    index: 1237,
  ),
  FlatIndex(
    index: 1238,
  ),
  FlatIndex(
    index: 1239,
  ),
  FlatIndex(
    index: 1240,
  ),
  FlatIndex(
    index: 1241,
  ),
  FlatIndex(
    index: 1242,
  ),
  FlatIndex(
    index: 1243,
  ),
  FlatIndex(
    index: 1244,
  ),
  FlatIndex(
    index: 1245,
  ),
  FlatIndex(
    index: 1246,
  ),
  FlatIndex(
    index: 1247,
  ),
  FlatIndex(
    index: 1248,
  ),
  FlatIndex(
    index: 1249,
  ),
  FlatIndex(
    index: 1250,
  ),
  FlatIndex(
    index: 1251,
  ),
  FlatIndex(
    index: 1252,
  ),
  FlatIndex(
    index: 1253,
  ),
  FlatIndex(
    index: 1254,
  ),
  FlatIndex(
    index: 1255,
  ),
  FlatIndex(
    index: 1256,
  ),
  FlatIndex(
    index: 1257,
  ),
  FlatIndex(
    index: 1258,
  ),
  FlatIndex(
    index: 1259,
  ),
  FlatIndex(
    index: 1260,
  ),
  FlatIndex(
    index: 1261,
  ),
  FlatIndex(
    index: 1262,
  ),
  FlatIndex(
    index: 1263,
  ),
  FlatIndex(
    index: 1264,
  ),
  FlatIndex(
    index: 1265,
  ),
  FlatIndex(
    index: 1266,
  ),
  FlatIndex(
    index: 1267,
  ),
  FlatIndex(
    index: 1268,
  ),
  FlatIndex(
    index: 1269,
  ),
  FlatIndex(
    index: 1270,
  ),
  FlatIndex(
    index: 1271,
  ),
  FlatIndex(
    index: 1272,
  ),
  FlatIndex(
    index: 1273,
  ),
  FlatIndex(
    index: 1274,
  ),
  FlatIndex(
    index: 1275,
  ),
  FlatIndex(
    index: 1276,
  ),
  FlatIndex(
    index: 1277,
  ),
  FlatIndex(
    index: 1278,
  ),
  FlatIndex(
    index: 1279,
  ),
  FlatIndex(
    index: 1280,
  ),
  FlatIndex(
    index: 1281,
  ),
  FlatIndex(
    index: 1282,
  ),
  FlatIndex(
    index: 1283,
  ),
  FlatIndex(
    index: 1284,
  ),
  FlatIndex(
    index: 1285,
  ),
  FlatIndex(
    index: 1286,
  ),
  FlatIndex(
    index: 1287,
  ),
  FlatIndex(
    index: 1288,
  ),
  FlatIndex(
    index: 1289,
  ),
  FlatIndex(
    index: 1290,
  ),
  FlatIndex(
    index: 1291,
  ),
  FlatIndex(
    index: 1292,
  ),
  FlatIndex(
    index: 1293,
  ),
  FlatIndex(
    index: 1294,
  ),
  FlatIndex(
    index: 1295,
  ),
  FlatIndex(
    index: 1296,
  ),
  FlatIndex(
    index: 1297,
  ),
  FlatIndex(
    index: 1298,
  ),
  FlatIndex(
    index: 1299,
  ),
  FlatIndex(
    index: 1300,
  ),
  FlatIndex(
    index: 1301,
  ),
  FlatIndex(
    index: 1302,
  ),
  FlatIndex(
    index: 1303,
  ),
  FlatIndex(
    index: 1304,
  ),
  FlatIndex(
    index: 1305,
  ),
  FlatIndex(
    index: 1306,
  ),
  FlatIndex(
    index: 1307,
  ),
  FlatIndex(
    index: 1308,
  ),
  FlatIndex(
    index: 1309,
  ),
  FlatIndex(
    index: 1310,
  ),
  FlatIndex(
    index: 1311,
  ),
  FlatIndex(
    index: 1312,
  ),
  FlatIndex(
    index: 1313,
  ),
  FlatIndex(
    index: 1314,
  ),
  FlatIndex(
    index: 1315,
  ),
  FlatIndex(
    index: 1316,
  ),
  FlatIndex(
    index: 1317,
  ),
  FlatIndex(
    index: 1318,
  ),
  FlatIndex(
    index: 1319,
  ),
  FlatIndex(
    index: 1320,
  ),
  FlatIndex(
    index: 1321,
  ),
  FlatIndex(
    index: 1322,
  ),
  FlatIndex(
    index: 1323,
  ),
  FlatIndex(
    index: 1324,
  ),
  FlatIndex(
    index: 1325,
  ),
  FlatIndex(
    index: 1326,
  ),
  FlatIndex(
    index: 1327,
  ),
  FlatIndex(
    index: 1328,
  ),
  FlatIndex(
    index: 1329,
  ),
  FlatIndex(
    index: 1330,
  ),
  FlatIndex(
    index: 1331,
  ),
  FlatIndex(
    index: 1332,
  ),
  FlatIndex(
    index: 1333,
  ),
  FlatIndex(
    index: 1334,
  ),
  FlatIndex(
    index: 1335,
  ),
  FlatIndex(
    index: 1336,
  ),
  FlatIndex(
    index: 1337,
  ),
  FlatIndex(
    index: 1338,
  ),
  FlatIndex(
    index: 1339,
  ),
  FlatIndex(
    index: 1340,
  ),
  FlatIndex(
    index: 1341,
  ),
  FlatIndex(
    index: 1342,
  ),
  FlatIndex(
    index: 1343,
  ),
  FlatIndex(
    index: 1344,
  ),
  FlatIndex(
    index: 1345,
  ),
  FlatIndex(
    index: 1346,
  ),
  FlatIndex(
    index: 1347,
  ),
  FlatIndex(
    index: 1348,
  ),
  FlatIndex(
    index: 1349,
  ),
  FlatIndex(
    index: 1350,
  ),
  FlatIndex(
    index: 1351,
  ),
  FlatIndex(
    index: 1352,
  ),
  FlatIndex(
    index: 1353,
  ),
  FlatIndex(
    index: 1354,
  ),
  FlatIndex(
    index: 1355,
  ),
  FlatIndex(
    index: 1356,
  ),
  FlatIndex(
    index: 1357,
  ),
  FlatIndex(
    index: 1358,
  ),
  FlatIndex(
    index: 1359,
  ),
  FlatIndex(
    index: 1360,
  ),
  FlatIndex(
    index: 1361,
  ),
  FlatIndex(
    index: 1362,
  ),
  FlatIndex(
    index: 1363,
  ),
  FlatIndex(
    index: 1364,
  ),
  FlatIndex(
    index: 1365,
  ),
  FlatIndex(
    index: 1366,
  ),
  FlatIndex(
    index: 1367,
  ),
  FlatIndex(
    index: 1368,
  ),
  FlatIndex(
    index: 1369,
  ),
  FlatIndex(
    index: 1370,
  ),
  FlatIndex(
    index: 1371,
  ),
  FlatIndex(
    index: 1372,
  ),
  FlatIndex(
    index: 1373,
  ),
  FlatIndex(
    index: 1374,
  ),
  FlatIndex(
    index: 1375,
  ),
  FlatIndex(
    index: 1376,
  ),
  FlatIndex(
    index: 1377,
  ),
  FlatIndex(
    index: 1378,
  ),
  FlatIndex(
    index: 1379,
  ),
  FlatIndex(
    index: 1380,
  ),
  FlatIndex(
    index: 1381,
  ),
  FlatIndex(
    index: 1382,
  ),
  FlatIndex(
    index: 1383,
  ),
  FlatIndex(
    index: 1384,
  ),
  FlatIndex(
    index: 1385,
  ),
  FlatIndex(
    index: 1386,
  ),
  FlatIndex(
    index: 1387,
  ),
  FlatIndex(
    index: 1388,
  ),
  FlatIndex(
    index: 1389,
  ),
  FlatIndex(
    index: 1390,
  ),
  FlatIndex(
    index: 1391,
  ),
  FlatIndex(
    index: 1392,
  ),
  FlatIndex(
    index: 1393,
  ),
  FlatIndex(
    index: 1394,
  ),
  FlatIndex(
    index: 1395,
  ),
  FlatIndex(
    index: 1396,
  ),
  FlatIndex(
    index: 1397,
  ),
  FlatIndex(
    index: 1398,
  ),
  FlatIndex(
    index: 1399,
  ),
  FlatIndex(
    index: 2240,
  ),
  FlatIndex(
    index: 2241,
  ),
  FlatIndex(
    index: 2242,
  ),
  FlatIndex(
    index: 2243,
  ),
  FlatIndex(
    index: 2244,
  ),
  FlatIndex(
    index: 2245,
  ),
  FlatIndex(
    index: 2246,
  ),
  FlatIndex(
    index: 2247,
  ),
  FlatIndex(
    index: 2248,
  ),
  FlatIndex(
    index: 2249,
  ),
  FlatIndex(
    index: 2250,
  ),
  FlatIndex(
    index: 2251,
  ),
  FlatIndex(
    index: 2252,
  ),
  FlatIndex(
    index: 2253,
  ),
  FlatIndex(
    index: 2254,
  ),
  FlatIndex(
    index: 2255,
  ),
  FlatIndex(
    index: 2256,
  ),
  FlatIndex(
    index: 2257,
  ),
  FlatIndex(
    index: 2258,
  ),
  FlatIndex(
    index: 2259,
  ),
  FlatIndex(
    index: 2260,
  ),
  FlatIndex(
    index: 2261,
  ),
  FlatIndex(
    index: 2262,
  ),
  FlatIndex(
    index: 2263,
  ),
  FlatIndex(
    index: 2264,
  ),
  FlatIndex(
    index: 2265,
  ),
  FlatIndex(
    index: 2266,
  ),
  FlatIndex(
    index: 2267,
  ),
  FlatIndex(
    index: 2268,
  ),
  FlatIndex(
    index: 2269,
  ),
  FlatIndex(
    index: 2270,
  ),
  FlatIndex(
    index: 2271,
  ),
  FlatIndex(
    index: 2272,
  ),
  FlatIndex(
    index: 2273,
  ),
  FlatIndex(
    index: 2274,
  ),
  FlatIndex(
    index: 2275,
  ),
  FlatIndex(
    index: 2276,
  ),
  FlatIndex(
    index: 2277,
  ),
  FlatIndex(
    index: 2278,
  ),
  FlatIndex(
    index: 2279,
  ),
  FlatIndex(
    index: 2280,
  ),
  FlatIndex(
    index: 2281,
  ),
  FlatIndex(
    index: 2282,
  ),
  FlatIndex(
    index: 2283,
  ),
  FlatIndex(
    index: 2284,
  ),
  FlatIndex(
    index: 2285,
  ),
  FlatIndex(
    index: 2286,
  ),
  FlatIndex(
    index: 2287,
  ),
  FlatIndex(
    index: 2288,
  ),
  FlatIndex(
    index: 2289,
  ),
  FlatIndex(
    index: 2290,
  ),
  FlatIndex(
    index: 2291,
  ),
  FlatIndex(
    index: 2292,
  ),
  FlatIndex(
    index: 2293,
  ),
  FlatIndex(
    index: 2294,
  ),
  FlatIndex(
    index: 2295,
  ),
  FlatIndex(
    index: 2296,
  ),
  FlatIndex(
    index: 2297,
  ),
  FlatIndex(
    index: 2298,
  ),
  FlatIndex(
    index: 2299,
  ),
  FlatIndex(
    index: 2300,
  ),
  FlatIndex(
    index: 2301,
  ),
  FlatIndex(
    index: 2302,
  ),
  FlatIndex(
    index: 2303,
  ),
  FlatIndex(
    index: 2304,
  ),
  FlatIndex(
    index: 2305,
  ),
  FlatIndex(
    index: 2306,
  ),
  FlatIndex(
    index: 2307,
  ),
  FlatIndex(
    index: 2308,
  ),
  FlatIndex(
    index: 2309,
  ),
  FlatIndex(
    index: 2310,
  ),
  FlatIndex(
    index: 2311,
  ),
  FlatIndex(
    index: 2312,
  ),
  FlatIndex(
    index: 2313,
  ),
  FlatIndex(
    index: 2314,
  ),
  FlatIndex(
    index: 2315,
  ),
  FlatIndex(
    index: 2316,
  ),
  FlatIndex(
    index: 2317,
  ),
  FlatIndex(
    index: 2318,
  ),
  FlatIndex(
    index: 2319,
  ),
  FlatIndex(
    index: 2320,
  ),
  FlatIndex(
    index: 2321,
  ),
  FlatIndex(
    index: 2322,
  ),
  FlatIndex(
    index: 2323,
  ),
  FlatIndex(
    index: 2324,
  ),
  FlatIndex(
    index: 2325,
  ),
  FlatIndex(
    index: 2326,
  ),
  FlatIndex(
    index: 2327,
  ),
  FlatIndex(
    index: 2328,
  ),
  FlatIndex(
    index: 2329,
  ),
  FlatIndex(
    index: 2330,
  ),
  FlatIndex(
    index: 2331,
  ),
  FlatIndex(
    index: 2332,
  ),
  FlatIndex(
    index: 2333,
  ),
  FlatIndex(
    index: 2334,
  ),
  FlatIndex(
    index: 2335,
  ),
  FlatIndex(
    index: 2336,
  ),
  FlatIndex(
    index: 2337,
  ),
  FlatIndex(
    index: 2338,
  ),
  FlatIndex(
    index: 2339,
  ),
  FlatIndex(
    index: 2340,
  ),
  FlatIndex(
    index: 2341,
  ),
  FlatIndex(
    index: 2342,
  ),
  FlatIndex(
    index: 2343,
  ),
  FlatIndex(
    index: 2344,
  ),
  FlatIndex(
    index: 2345,
  ),
  FlatIndex(
    index: 2346,
  ),
  FlatIndex(
    index: 2347,
  ),
  FlatIndex(
    index: 2348,
  ),
  FlatIndex(
    index: 2349,
  ),
  FlatIndex(
    index: 2350,
  ),
  FlatIndex(
    index: 2351,
  ),
  FlatIndex(
    index: 2352,
  ),
  FlatIndex(
    index: 2353,
  ),
  FlatIndex(
    index: 2354,
  ),
  FlatIndex(
    index: 2355,
  ),
  FlatIndex(
    index: 2356,
  ),
  FlatIndex(
    index: 2357,
  ),
  FlatIndex(
    index: 2358,
  ),
  FlatIndex(
    index: 2359,
  ),
  FlatIndex(
    index: 2360,
  ),
  FlatIndex(
    index: 2361,
  ),
  FlatIndex(
    index: 2362,
  ),
  FlatIndex(
    index: 2363,
  ),
  FlatIndex(
    index: 2364,
  ),
  FlatIndex(
    index: 2365,
  ),
  FlatIndex(
    index: 2366,
  ),
  FlatIndex(
    index: 2367,
  ),
  FlatIndex(
    index: 2368,
  ),
  FlatIndex(
    index: 2369,
  ),
  FlatIndex(
    index: 2370,
  ),
  FlatIndex(
    index: 2371,
  ),
  FlatIndex(
    index: 2372,
  ),
  FlatIndex(
    index: 2373,
  ),
  FlatIndex(
    index: 2374,
  ),
  FlatIndex(
    index: 2375,
  ),
  FlatIndex(
    index: 2376,
  ),
  FlatIndex(
    index: 2377,
  ),
  FlatIndex(
    index: 2378,
  ),
  FlatIndex(
    index: 2379,
  ),
  FlatIndex(
    index: 2380,
  ),
  FlatIndex(
    index: 2381,
  ),
  FlatIndex(
    index: 2382,
  ),
  FlatIndex(
    index: 2383,
  ),
  FlatIndex(
    index: 2384,
  ),
  FlatIndex(
    index: 2385,
  ),
  FlatIndex(
    index: 2386,
  ),
  FlatIndex(
    index: 2387,
  ),
  FlatIndex(
    index: 2388,
  ),
  FlatIndex(
    index: 2389,
  ),
  FlatIndex(
    index: 2390,
  ),
  FlatIndex(
    index: 2391,
  ),
  FlatIndex(
    index: 2392,
  ),
  FlatIndex(
    index: 2393,
  ),
  FlatIndex(
    index: 2394,
  ),
  FlatIndex(
    index: 2395,
  ),
  FlatIndex(
    index: 2396,
  ),
  FlatIndex(
    index: 2397,
  ),
  FlatIndex(
    index: 2398,
  ),
  FlatIndex(
    index: 2399,
  ),
  FlatIndex(
    index: 2400,
  ),
  FlatIndex(
    index: 2401,
  ),
  FlatIndex(
    index: 2402,
  ),
  FlatIndex(
    index: 2403,
  ),
  FlatIndex(
    index: 2404,
  ),
  FlatIndex(
    index: 2405,
  ),
  FlatIndex(
    index: 2406,
  ),
  FlatIndex(
    index: 2407,
  ),
  FlatIndex(
    index: 2408,
  ),
  FlatIndex(
    index: 2409,
  ),
  FlatIndex(
    index: 2410,
  ),
  FlatIndex(
    index: 2411,
  ),
  FlatIndex(
    index: 2412,
  ),
  FlatIndex(
    index: 2413,
  ),
  FlatIndex(
    index: 2414,
  ),
  FlatIndex(
    index: 2415,
  ),
  FlatIndex(
    index: 2416,
  ),
  FlatIndex(
    index: 2417,
  ),
  FlatIndex(
    index: 2418,
  ),
  FlatIndex(
    index: 2419,
  ),
  FlatIndex(
    index: 2420,
  ),
  FlatIndex(
    index: 2421,
  ),
  FlatIndex(
    index: 2422,
  ),
  FlatIndex(
    index: 2423,
  ),
  FlatIndex(
    index: 2424,
  ),
  FlatIndex(
    index: 2425,
  ),
  FlatIndex(
    index: 2426,
  ),
  FlatIndex(
    index: 2427,
  ),
  FlatIndex(
    index: 2428,
  ),
  FlatIndex(
    index: 2429,
  ),
  FlatIndex(
    index: 2430,
  ),
  FlatIndex(
    index: 2431,
  ),
  FlatIndex(
    index: 2432,
  ),
  FlatIndex(
    index: 2433,
  ),
  FlatIndex(
    index: 2434,
  ),
  FlatIndex(
    index: 2435,
  ),
  FlatIndex(
    index: 2436,
  ),
  FlatIndex(
    index: 2437,
  ),
  FlatIndex(
    index: 2438,
  ),
  FlatIndex(
    index: 2439,
  ),
  FlatIndex(
    index: 2440,
  ),
  FlatIndex(
    index: 2441,
  ),
  FlatIndex(
    index: 2442,
  ),
  FlatIndex(
    index: 2443,
  ),
  FlatIndex(
    index: 2444,
  ),
  FlatIndex(
    index: 2445,
  ),
  FlatIndex(
    index: 2446,
  ),
  FlatIndex(
    index: 2447,
  ),
  FlatIndex(
    index: 2448,
  ),
  FlatIndex(
    index: 2449,
  ),
  FlatIndex(
    index: 2450,
  ),
  FlatIndex(
    index: 2451,
  ),
  FlatIndex(
    index: 2452,
  ),
  FlatIndex(
    index: 2453,
  ),
  FlatIndex(
    index: 2454,
  ),
  FlatIndex(
    index: 2455,
  ),
  FlatIndex(
    index: 2456,
  ),
  FlatIndex(
    index: 2457,
  ),
  FlatIndex(
    index: 2458,
  ),
  FlatIndex(
    index: 2459,
  ),
  FlatIndex(
    index: 2460,
  ),
  FlatIndex(
    index: 2461,
  ),
  FlatIndex(
    index: 2462,
  ),
  FlatIndex(
    index: 2463,
  ),
  FlatIndex(
    index: 2464,
  ),
  FlatIndex(
    index: 2465,
  ),
  FlatIndex(
    index: 2466,
  ),
  FlatIndex(
    index: 2467,
  ),
  FlatIndex(
    index: 2468,
  ),
  FlatIndex(
    index: 2469,
  ),
  FlatIndex(
    index: 2470,
  ),
  FlatIndex(
    index: 2471,
  ),
  FlatIndex(
    index: 2472,
  ),
  FlatIndex(
    index: 2473,
  ),
  FlatIndex(
    index: 2474,
  ),
  FlatIndex(
    index: 2475,
  ),
  FlatIndex(
    index: 2476,
  ),
  FlatIndex(
    index: 2477,
  ),
  FlatIndex(
    index: 2478,
  ),
  FlatIndex(
    index: 2479,
  ),
  FlatIndex(
    index: 2480,
  ),
  FlatIndex(
    index: 2481,
  ),
  FlatIndex(
    index: 2482,
  ),
  FlatIndex(
    index: 2483,
  ),
  FlatIndex(
    index: 2484,
  ),
  FlatIndex(
    index: 2485,
  ),
  FlatIndex(
    index: 2486,
  ),
  FlatIndex(
    index: 2487,
  ),
  FlatIndex(
    index: 2488,
  ),
  FlatIndex(
    index: 2489,
  ),
  FlatIndex(
    index: 2490,
  ),
  FlatIndex(
    index: 2491,
  ),
  FlatIndex(
    index: 2492,
  ),
  FlatIndex(
    index: 2493,
  ),
  FlatIndex(
    index: 2494,
  ),
  FlatIndex(
    index: 2495,
  ),
  FlatIndex(
    index: 2496,
  ),
  FlatIndex(
    index: 2497,
  ),
  FlatIndex(
    index: 2498,
  ),
  FlatIndex(
    index: 2499,
  ),
  FlatIndex(
    index: 2500,
  ),
  FlatIndex(
    index: 2501,
  ),
  FlatIndex(
    index: 2502,
  ),
  FlatIndex(
    index: 2503,
  ),
  FlatIndex(
    index: 2504,
  ),
  FlatIndex(
    index: 2505,
  ),
  FlatIndex(
    index: 2506,
  ),
  FlatIndex(
    index: 2507,
  ),
  FlatIndex(
    index: 2508,
  ),
  FlatIndex(
    index: 2509,
  ),
  FlatIndex(
    index: 2510,
  ),
  FlatIndex(
    index: 2511,
  ),
  FlatIndex(
    index: 2512,
  ),
  FlatIndex(
    index: 2513,
  ),
  FlatIndex(
    index: 2514,
  ),
  FlatIndex(
    index: 2515,
  ),
  FlatIndex(
    index: 2516,
  ),
  FlatIndex(
    index: 2517,
  ),
  FlatIndex(
    index: 2518,
  ),
  FlatIndex(
    index: 2519,
  ),
  FlatIndex(
    index: 3360,
  ),
  FlatIndex(
    index: 3361,
  ),
  FlatIndex(
    index: 3362,
  ),
  FlatIndex(
    index: 3363,
  ),
  FlatIndex(
    index: 3364,
  ),
  FlatIndex(
    index: 3365,
  ),
  FlatIndex(
    index: 3366,
  ),
  FlatIndex(
    index: 3367,
  ),
  FlatIndex(
    index: 3368,
  ),
  FlatIndex(
    index: 3369,
  ),
  FlatIndex(
    index: 3370,
  ),
  FlatIndex(
    index: 3371,
  ),
  FlatIndex(
    index: 3372,
  ),
  FlatIndex(
    index: 3373,
  ),
  FlatIndex(
    index: 3374,
  ),
  FlatIndex(
    index: 3375,
  ),
  FlatIndex(
    index: 3376,
  ),
  FlatIndex(
    index: 3377,
  ),
  FlatIndex(
    index: 3378,
  ),
  FlatIndex(
    index: 3379,
  ),
  FlatIndex(
    index: 3380,
  ),
  FlatIndex(
    index: 3381,
  ),
  FlatIndex(
    index: 3382,
  ),
  FlatIndex(
    index: 3383,
  ),
  FlatIndex(
    index: 3384,
  ),
  FlatIndex(
    index: 3385,
  ),
  FlatIndex(
    index: 3386,
  ),
  FlatIndex(
    index: 3387,
  ),
  FlatIndex(
    index: 3388,
  ),
  FlatIndex(
    index: 3389,
  ),
  FlatIndex(
    index: 3390,
  ),
  FlatIndex(
    index: 3391,
  ),
  FlatIndex(
    index: 3392,
  ),
  FlatIndex(
    index: 3393,
  ),
  FlatIndex(
    index: 3394,
  ),
  FlatIndex(
    index: 3395,
  ),
  FlatIndex(
    index: 3396,
  ),
  FlatIndex(
    index: 3397,
  ),
  FlatIndex(
    index: 3398,
  ),
  FlatIndex(
    index: 3399,
  ),
  FlatIndex(
    index: 3400,
  ),
  FlatIndex(
    index: 3401,
  ),
  FlatIndex(
    index: 3402,
  ),
  FlatIndex(
    index: 3403,
  ),
  FlatIndex(
    index: 3404,
  ),
  FlatIndex(
    index: 3405,
  ),
  FlatIndex(
    index: 3406,
  ),
  FlatIndex(
    index: 3407,
  ),
  FlatIndex(
    index: 3408,
  ),
  FlatIndex(
    index: 3409,
  ),
  FlatIndex(
    index: 3410,
  ),
  FlatIndex(
    index: 3411,
  ),
  FlatIndex(
    index: 3412,
  ),
  FlatIndex(
    index: 3413,
  ),
  FlatIndex(
    index: 3414,
  ),
  FlatIndex(
    index: 3415,
  ),
  FlatIndex(
    index: 3416,
  ),
  FlatIndex(
    index: 3417,
  ),
  FlatIndex(
    index: 3418,
  ),
  FlatIndex(
    index: 3419,
  ),
  FlatIndex(
    index: 3420,
  ),
  FlatIndex(
    index: 3421,
  ),
  FlatIndex(
    index: 3422,
  ),
  FlatIndex(
    index: 3423,
  ),
  FlatIndex(
    index: 3424,
  ),
  FlatIndex(
    index: 3425,
  ),
  FlatIndex(
    index: 3426,
  ),
  FlatIndex(
    index: 3427,
  ),
  FlatIndex(
    index: 3428,
  ),
  FlatIndex(
    index: 3429,
  ),
  FlatIndex(
    index: 3430,
  ),
  FlatIndex(
    index: 3431,
  ),
  FlatIndex(
    index: 3432,
  ),
  FlatIndex(
    index: 3433,
  ),
  FlatIndex(
    index: 3434,
  ),
  FlatIndex(
    index: 3435,
  ),
  FlatIndex(
    index: 3436,
  ),
  FlatIndex(
    index: 3437,
  ),
  FlatIndex(
    index: 3438,
  ),
  FlatIndex(
    index: 3439,
  ),
  FlatIndex(
    index: 3440,
  ),
  FlatIndex(
    index: 3441,
  ),
  FlatIndex(
    index: 3442,
  ),
  FlatIndex(
    index: 3443,
  ),
  FlatIndex(
    index: 3444,
  ),
  FlatIndex(
    index: 3445,
  ),
  FlatIndex(
    index: 3446,
  ),
  FlatIndex(
    index: 3447,
  ),
  FlatIndex(
    index: 3448,
  ),
  FlatIndex(
    index: 3449,
  ),
  FlatIndex(
    index: 3450,
  ),
  FlatIndex(
    index: 3451,
  ),
  FlatIndex(
    index: 3452,
  ),
  FlatIndex(
    index: 3453,
  ),
  FlatIndex(
    index: 3454,
  ),
  FlatIndex(
    index: 3455,
  ),
  FlatIndex(
    index: 3456,
  ),
  FlatIndex(
    index: 3457,
  ),
  FlatIndex(
    index: 3458,
  ),
  FlatIndex(
    index: 3459,
  ),
  FlatIndex(
    index: 3460,
  ),
  FlatIndex(
    index: 3461,
  ),
  FlatIndex(
    index: 3462,
  ),
  FlatIndex(
    index: 3463,
  ),
  FlatIndex(
    index: 3464,
  ),
  FlatIndex(
    index: 3465,
  ),
  FlatIndex(
    index: 3466,
  ),
  FlatIndex(
    index: 3467,
  ),
  FlatIndex(
    index: 3468,
  ),
  FlatIndex(
    index: 3469,
  ),
  FlatIndex(
    index: 3470,
  ),
  FlatIndex(
    index: 3471,
  ),
  FlatIndex(
    index: 3472,
  ),
  FlatIndex(
    index: 3473,
  ),
  FlatIndex(
    index: 3474,
  ),
  FlatIndex(
    index: 3475,
  ),
  FlatIndex(
    index: 3476,
  ),
  FlatIndex(
    index: 3477,
  ),
  FlatIndex(
    index: 3478,
  ),
  FlatIndex(
    index: 3479,
  ),
  FlatIndex(
    index: 3480,
  ),
  FlatIndex(
    index: 3481,
  ),
  FlatIndex(
    index: 3482,
  ),
  FlatIndex(
    index: 3483,
  ),
  FlatIndex(
    index: 3484,
  ),
  FlatIndex(
    index: 3485,
  ),
  FlatIndex(
    index: 3486,
  ),
  FlatIndex(
    index: 3487,
  ),
  FlatIndex(
    index: 3488,
  ),
  FlatIndex(
    index: 3489,
  ),
  FlatIndex(
    index: 3490,
  ),
  FlatIndex(
    index: 3491,
  ),
  FlatIndex(
    index: 3492,
  ),
  FlatIndex(
    index: 3493,
  ),
  FlatIndex(
    index: 3494,
  ),
  FlatIndex(
    index: 3495,
  ),
  FlatIndex(
    index: 3496,
  ),
  FlatIndex(
    index: 3497,
  ),
  FlatIndex(
    index: 3498,
  ),
  FlatIndex(
    index: 3499,
  ),
  FlatIndex(
    index: 3500,
  ),
  FlatIndex(
    index: 3501,
  ),
  FlatIndex(
    index: 3502,
  ),
  FlatIndex(
    index: 3503,
  ),
  FlatIndex(
    index: 3504,
  ),
  FlatIndex(
    index: 3505,
  ),
  FlatIndex(
    index: 3506,
  ),
  FlatIndex(
    index: 3507,
  ),
  FlatIndex(
    index: 3508,
  ),
  FlatIndex(
    index: 3509,
  ),
  FlatIndex(
    index: 3510,
  ),
  FlatIndex(
    index: 3511,
  ),
  FlatIndex(
    index: 3512,
  ),
  FlatIndex(
    index: 3513,
  ),
  FlatIndex(
    index: 3514,
  ),
  FlatIndex(
    index: 3515,
  ),
  FlatIndex(
    index: 3516,
  ),
  FlatIndex(
    index: 3517,
  ),
  FlatIndex(
    index: 3518,
  ),
  FlatIndex(
    index: 3519,
  ),
  FlatIndex(
    index: 3520,
  ),
  FlatIndex(
    index: 3521,
  ),
  FlatIndex(
    index: 3522,
  ),
  FlatIndex(
    index: 3523,
  ),
  FlatIndex(
    index: 3524,
  ),
  FlatIndex(
    index: 3525,
  ),
  FlatIndex(
    index: 3526,
  ),
  FlatIndex(
    index: 3527,
  ),
  FlatIndex(
    index: 3528,
  ),
  FlatIndex(
    index: 3529,
  ),
  FlatIndex(
    index: 3530,
  ),
  FlatIndex(
    index: 3531,
  ),
  FlatIndex(
    index: 3532,
  ),
  FlatIndex(
    index: 3533,
  ),
  FlatIndex(
    index: 3534,
  ),
  FlatIndex(
    index: 3535,
  ),
  FlatIndex(
    index: 3536,
  ),
  FlatIndex(
    index: 3537,
  ),
  FlatIndex(
    index: 3538,
  ),
  FlatIndex(
    index: 3539,
  ),
  FlatIndex(
    index: 3540,
  ),
  FlatIndex(
    index: 3541,
  ),
  FlatIndex(
    index: 3542,
  ),
  FlatIndex(
    index: 3543,
  ),
  FlatIndex(
    index: 3544,
  ),
  FlatIndex(
    index: 3545,
  ),
  FlatIndex(
    index: 3546,
  ),
  FlatIndex(
    index: 3547,
  ),
  FlatIndex(
    index: 3548,
  ),
  FlatIndex(
    index: 3549,
  ),
  FlatIndex(
    index: 3550,
  ),
  FlatIndex(
    index: 3551,
  ),
  FlatIndex(
    index: 3552,
  ),
  FlatIndex(
    index: 3553,
  ),
  FlatIndex(
    index: 3554,
  ),
  FlatIndex(
    index: 3555,
  ),
  FlatIndex(
    index: 3556,
  ),
  FlatIndex(
    index: 3557,
  ),
  FlatIndex(
    index: 3558,
  ),
  FlatIndex(
    index: 3559,
  ),
  FlatIndex(
    index: 3560,
  ),
  FlatIndex(
    index: 3561,
  ),
  FlatIndex(
    index: 3562,
  ),
  FlatIndex(
    index: 3563,
  ),
  FlatIndex(
    index: 3564,
  ),
  FlatIndex(
    index: 3565,
  ),
  FlatIndex(
    index: 3566,
  ),
  FlatIndex(
    index: 3567,
  ),
  FlatIndex(
    index: 3568,
  ),
  FlatIndex(
    index: 3569,
  ),
  FlatIndex(
    index: 3570,
  ),
  FlatIndex(
    index: 3571,
  ),
  FlatIndex(
    index: 3572,
  ),
  FlatIndex(
    index: 3573,
  ),
  FlatIndex(
    index: 3574,
  ),
  FlatIndex(
    index: 3575,
  ),
  FlatIndex(
    index: 3576,
  ),
  FlatIndex(
    index: 3577,
  ),
  FlatIndex(
    index: 3578,
  ),
  FlatIndex(
    index: 3579,
  ),
  FlatIndex(
    index: 3580,
  ),
  FlatIndex(
    index: 3581,
  ),
  FlatIndex(
    index: 3582,
  ),
  FlatIndex(
    index: 3583,
  ),
  FlatIndex(
    index: 3584,
  ),
  FlatIndex(
    index: 3585,
  ),
  FlatIndex(
    index: 3586,
  ),
  FlatIndex(
    index: 3587,
  ),
  FlatIndex(
    index: 3588,
  ),
  FlatIndex(
    index: 3589,
  ),
  FlatIndex(
    index: 3590,
  ),
  FlatIndex(
    index: 3591,
  ),
  FlatIndex(
    index: 3592,
  ),
  FlatIndex(
    index: 3593,
  ),
  FlatIndex(
    index: 3594,
  ),
  FlatIndex(
    index: 3595,
  ),
  FlatIndex(
    index: 3596,
  ),
  FlatIndex(
    index: 3597,
  ),
  FlatIndex(
    index: 3598,
  ),
  FlatIndex(
    index: 3599,
  ),
  FlatIndex(
    index: 3600,
  ),
  FlatIndex(
    index: 3601,
  ),
  FlatIndex(
    index: 3602,
  ),
  FlatIndex(
    index: 3603,
  ),
  FlatIndex(
    index: 3604,
  ),
  FlatIndex(
    index: 3605,
  ),
  FlatIndex(
    index: 3606,
  ),
  FlatIndex(
    index: 3607,
  ),
  FlatIndex(
    index: 3608,
  ),
  FlatIndex(
    index: 3609,
  ),
  FlatIndex(
    index: 3610,
  ),
  FlatIndex(
    index: 3611,
  ),
  FlatIndex(
    index: 3612,
  ),
  FlatIndex(
    index: 3613,
  ),
  FlatIndex(
    index: 3614,
  ),
  FlatIndex(
    index: 3615,
  ),
  FlatIndex(
    index: 3616,
  ),
  FlatIndex(
    index: 3617,
  ),
  FlatIndex(
    index: 3618,
  ),
  FlatIndex(
    index: 3619,
  ),
  FlatIndex(
    index: 3620,
  ),
  FlatIndex(
    index: 3621,
  ),
  FlatIndex(
    index: 3622,
  ),
  FlatIndex(
    index: 3623,
  ),
  FlatIndex(
    index: 3624,
  ),
  FlatIndex(
    index: 3625,
  ),
  FlatIndex(
    index: 3626,
  ),
  FlatIndex(
    index: 3627,
  ),
  FlatIndex(
    index: 3628,
  ),
  FlatIndex(
    index: 3629,
  ),
  FlatIndex(
    index: 3630,
  ),
  FlatIndex(
    index: 3631,
  ),
  FlatIndex(
    index: 3632,
  ),
  FlatIndex(
    index: 3633,
  ),
  FlatIndex(
    index: 3634,
  ),
  FlatIndex(
    index: 3635,
  ),
  FlatIndex(
    index: 3636,
  ),
  FlatIndex(
    index: 3637,
  ),
  FlatIndex(
    index: 3638,
  ),
  FlatIndex(
    index: 3639,
  ),
]
