---
source: src/tests.rs
expression: dense_dense
---
DenseTensor(
  data: [
    1504291,
    3484813,
    3356256,
    2283149,
    3065321,
    -1503077,
    -1811374,
    804569,
    64638,
    3532472,
    346865,
    -3261167,
    1002015,
    1766627,
    1008242,
    4134612,
  ],
  structure: VecStructure(
    structure: [
      Slot(
        aind: Normal(6),
        rep: Representation(
          dim: Concrete(4),
          rep: LorentzUp(Lorentz()),
        ),
      ),
      Slot(
        aind: Normal(5),
        rep: Representation(
          dim: Concrete(4),
          rep: LorentzUp(Lorentz()),
        ),
      ),
    ],
  ),
)
