---
source: src/tests.rs
expression: "(a, fciter, fiberclass)"
---
(VecStructure(
  structure: [
    Slot(
      index: AbstractIndex(104),
      representation: Euclidean(Dimension(4)),
    ),
    Slot(
      index: AbstractIndex(128),
      representation: Euclidean(Dimension(1)),
    ),
    Slot(
      index: AbstractIndex(164),
      representation: Euclidean(Dimension(5)),
    ),
    Slot(
      index: AbstractIndex(88),
      representation: Lorentz(Dimension(7)),
    ),
    Slot(
      index: AbstractIndex(145),
      representation: Lorentz(Dimension(2)),
    ),
  ],
), [
  FlatIndex(
    index: 0,
  ),
  FlatIndex(
    index: 70,
  ),
  FlatIndex(
    index: 140,
  ),
  FlatIndex(
    index: 210,
  ),
], [
  FlatIndex(
    index: 0,
  ),
  FlatIndex(
    index: 1,
  ),
  FlatIndex(
    index: 2,
  ),
  FlatIndex(
    index: 3,
  ),
  FlatIndex(
    index: 4,
  ),
  FlatIndex(
    index: 5,
  ),
  FlatIndex(
    index: 6,
  ),
  FlatIndex(
    index: 7,
  ),
  FlatIndex(
    index: 8,
  ),
  FlatIndex(
    index: 9,
  ),
  FlatIndex(
    index: 10,
  ),
  FlatIndex(
    index: 11,
  ),
  FlatIndex(
    index: 12,
  ),
  FlatIndex(
    index: 13,
  ),
  FlatIndex(
    index: 14,
  ),
  FlatIndex(
    index: 15,
  ),
  FlatIndex(
    index: 16,
  ),
  FlatIndex(
    index: 17,
  ),
  FlatIndex(
    index: 18,
  ),
  FlatIndex(
    index: 19,
  ),
  FlatIndex(
    index: 20,
  ),
  FlatIndex(
    index: 21,
  ),
  FlatIndex(
    index: 22,
  ),
  FlatIndex(
    index: 23,
  ),
  FlatIndex(
    index: 24,
  ),
  FlatIndex(
    index: 25,
  ),
  FlatIndex(
    index: 26,
  ),
  FlatIndex(
    index: 27,
  ),
  FlatIndex(
    index: 28,
  ),
  FlatIndex(
    index: 29,
  ),
  FlatIndex(
    index: 30,
  ),
  FlatIndex(
    index: 31,
  ),
  FlatIndex(
    index: 32,
  ),
  FlatIndex(
    index: 33,
  ),
  FlatIndex(
    index: 34,
  ),
  FlatIndex(
    index: 35,
  ),
  FlatIndex(
    index: 36,
  ),
  FlatIndex(
    index: 37,
  ),
  FlatIndex(
    index: 38,
  ),
  FlatIndex(
    index: 39,
  ),
  FlatIndex(
    index: 40,
  ),
  FlatIndex(
    index: 41,
  ),
  FlatIndex(
    index: 42,
  ),
  FlatIndex(
    index: 43,
  ),
  FlatIndex(
    index: 44,
  ),
  FlatIndex(
    index: 45,
  ),
  FlatIndex(
    index: 46,
  ),
  FlatIndex(
    index: 47,
  ),
  FlatIndex(
    index: 48,
  ),
  FlatIndex(
    index: 49,
  ),
  FlatIndex(
    index: 50,
  ),
  FlatIndex(
    index: 51,
  ),
  FlatIndex(
    index: 52,
  ),
  FlatIndex(
    index: 53,
  ),
  FlatIndex(
    index: 54,
  ),
  FlatIndex(
    index: 55,
  ),
  FlatIndex(
    index: 56,
  ),
  FlatIndex(
    index: 57,
  ),
  FlatIndex(
    index: 58,
  ),
  FlatIndex(
    index: 59,
  ),
  FlatIndex(
    index: 60,
  ),
  FlatIndex(
    index: 61,
  ),
  FlatIndex(
    index: 62,
  ),
  FlatIndex(
    index: 63,
  ),
  FlatIndex(
    index: 64,
  ),
  FlatIndex(
    index: 65,
  ),
  FlatIndex(
    index: 66,
  ),
  FlatIndex(
    index: 67,
  ),
  FlatIndex(
    index: 68,
  ),
  FlatIndex(
    index: 69,
  ),
])
